// Jest Snapshot v1, https://jestjs.io/docs/snapshot-testing

exports[`App (e2e) mapa de rutas, roles y acceso público 1`] = `
[
  "DELETE /carrito roles=cliente",
  "DELETE /carrito/items/:libroId roles=cliente",
  "DELETE /catalogo/autores/:id roles=admin",
  "DELETE /catalogo/categorias/:id roles=admin",
  "DELETE /catalogo/editoriales/:id roles=admin",
  "DELETE /catalogo/libros/:id roles=admin",
  "DELETE /catalogo/libros/:id/portada roles=admin",
  "DELETE /cuenta/tarjetas/:metodoId roles=cliente",
  "DELETE /direcciones/:id roles=cliente",
  "DELETE /lista-deseos/:libroId roles=cliente",
  "DELETE /proveedores/:id roles=admin",
  "GET / roles=-",
  "GET /admin/pedidos roles=admin,cajero",
  "GET /admin/pedidos/:id roles=admin,cajero",
  "GET /carrito roles=cliente",
  "GET /catalogo/autores roles=- publico",
  "GET /catalogo/categorias roles=- publico",
  "GET /catalogo/editoriales roles=- publico",
  "GET /catalogo/libros roles=- publico",
  "GET /catalogo/libros/:id roles=- publico",
  "GET /catalogo/stock-bajo roles=admin,cajero",
  "GET /clientes roles=admin,cajero",
  "GET /clientes/:id roles=admin,cajero",
  "GET /clientes/telefono/:telefono roles=admin,cajero",
  "GET /configuracion roles=admin",
  "GET /cuenta/compras-tienda roles=cliente",
  "GET /cuenta/compras-tienda/:id roles=cliente",
  "GET /cuenta/perfil roles=cliente",
  "GET /cuenta/puntos roles=cliente",
  "GET /cuenta/tarjetas roles=cliente",
  "GET /direcciones roles=cliente",
  "GET /empleados roles=admin",
  "GET /health roles=- publico",
  "GET /inventario/movimientos roles=admin,cajero",
  "GET /lista-deseos roles=cliente",
  "GET /lista-deseos/ids roles=cliente",
  "GET /pedidos roles=cliente",
  "GET /pedidos-compra roles=admin",
  "GET /pedidos-compra/:id roles=admin",
  "GET /pedidos/:id roles=cliente",
  "GET /proveedores roles=admin",
  "GET /proveedores/:id roles=admin",
  "GET /reportes/historial-ventas roles=admin",
  "GET /reportes/libros-mas-vendidos roles=admin",
  "GET /reportes/rendimiento-empleados roles=admin",
  "GET /reportes/ventas roles=admin",
  "GET /ventas roles=admin,cajero",
  "GET /ventas/:id roles=admin,cajero",
  "PATCH /admin/pedidos/:id/estado roles=admin,cajero",
  "PATCH /carrito/items/:libroId roles=cliente",
  "PATCH /catalogo/autores/:id roles=admin",
  "PATCH /catalogo/categorias/:id roles=admin",
  "PATCH /catalogo/editoriales/:id roles=admin",
  "PATCH /catalogo/libros/:id roles=admin",
  "PATCH /clientes/:id roles=admin",
  "PATCH /configuracion/:clave roles=admin",
  "PATCH /cuenta/password roles=cliente",
  "PATCH /cuenta/perfil roles=cliente",
  "PATCH /direcciones/:id roles=cliente",
  "PATCH /empleados/:id roles=admin",
  "PATCH /empleados/me roles=-",
  "PATCH /empleados/me/password roles=-",
  "PATCH /proveedores/:id roles=admin",
  "POST /auth/login roles=- publico",
  "POST /auth/logout roles=-",
  "POST /auth/logout-all roles=-",
  "POST /auth/me roles=-",
  "POST /auth/recuperar-password roles=- publico",
  "POST /auth/registro-cliente roles=- publico",
  "POST /auth/reset-password roles=- publico",
  "POST /carrito/items roles=cliente",
  "POST /catalogo/autores roles=admin",
  "POST /catalogo/categorias roles=admin",
  "POST /catalogo/editoriales roles=admin",
  "POST /catalogo/libros roles=admin",
  "POST /catalogo/libros/:id/portada roles=admin",
  "POST /clientes roles=admin",
  "POST /clientes/:id/ajuste-puntos roles=admin",
  "POST /cuenta/tarjetas/setup roles=cliente",
  "POST /direcciones roles=cliente",
  "POST /empleados roles=admin",
  "POST /inventario/movimientos roles=admin",
  "POST /lista-deseos/:libroId roles=cliente",
  "POST /pedidos-compra roles=admin",
  "POST /pedidos-compra/:id/cancelar roles=admin",
  "POST /pedidos-compra/:id/recepcion roles=admin",
  "POST /pedidos/checkout roles=cliente",
  "POST /pedidos/confirmar-pago roles=cliente",
  "POST /pedidos/webhook roles=- publico",
  "POST /proveedores roles=admin",
  "POST /telemetria/errores roles=- publico",
  "POST /ventas roles=admin,cajero",
  "POST /ventas/:id/cancelar roles=admin",
]
`;
